// Jest Snapshot v1, https://goo.gl/fbAQLP

exports[`renders consistently 1`] = `
<div>
  <footer>
    <p>
      Â© 
      <a
        href="https://github.com/gregolive"
        rel="noreferrer"
        target="_blank"
      >
        gregolive
      </a>
    </p>
  </footer>
</div>
`;
